Archive member included because of file (symbol)

c:/winavr-20100110/bin/../lib/gcc/avr/4.3.3/avr5\libgcc.a(_mulsi3.o)
                              ./src/TIMER0_program.o (__mulsi3)
c:/winavr-20100110/bin/../lib/gcc/avr/4.3.3/avr5\libgcc.a(_udivmodsi4.o)
                              ./src/TIMER0_program.o (__udivmodsi4)
c:/winavr-20100110/bin/../lib/gcc/avr/4.3.3/avr5\libgcc.a(_exit.o)
                              c:/winavr-20100110/bin/../lib/gcc/avr/4.3.3/../../../../avr/lib/avr5/crtm32.o (exit)
c:/winavr-20100110/bin/../lib/gcc/avr/4.3.3/avr5\libgcc.a(_copy_data.o)
                              ./src/TIMER0_program.o (__do_copy_data)
c:/winavr-20100110/bin/../lib/gcc/avr/4.3.3/avr5\libgcc.a(_clear_bss.o)
                              ./src/EXTI_program.o (__do_clear_bss)

Allocating common symbols
Common symbol       size              file

TIMER0_CallBack     0x4               ./src/TIMER0_program.o

Memory Configuration

Name             Origin             Length             Attributes
text             0x00000000         0x00020000         xr
data             0x00800060         0x0000ffa0         rw !x
eeprom           0x00810000         0x00010000         rw !x
fuse             0x00820000         0x00000400         rw !x
lock             0x00830000         0x00000400         rw !x
signature        0x00840000         0x00000400         rw !x
*default*        0x00000000         0xffffffff

Linker script and memory map

LOAD c:/winavr-20100110/bin/../lib/gcc/avr/4.3.3/../../../../avr/lib/avr5/crtm32.o
LOAD ./src/DIO_program.o
LOAD ./src/EXTI_program.o
LOAD ./src/GIE_program.o
LOAD ./src/OS_program.o
LOAD ./src/TIMER0_program.o
LOAD ./src/main.o
LOAD c:/winavr-20100110/bin/../lib/gcc/avr/4.3.3/avr5\libgcc.a
LOAD c:/winavr-20100110/bin/../lib/gcc/avr/4.3.3/../../../../avr/lib/avr5\libc.a
LOAD c:/winavr-20100110/bin/../lib/gcc/avr/4.3.3/avr5\libgcc.a

.hash
 *(.hash)

.dynsym
 *(.dynsym)

.dynstr
 *(.dynstr)

.gnu.version
 *(.gnu.version)

.gnu.version_d
 *(.gnu.version_d)

.gnu.version_r
 *(.gnu.version_r)

.rel.init
 *(.rel.init)

.rela.init
 *(.rela.init)

.rel.text
 *(.rel.text)
 *(.rel.text.*)
 *(.rel.gnu.linkonce.t*)

.rela.text
 *(.rela.text)
 *(.rela.text.*)
 *(.rela.gnu.linkonce.t*)

.rel.fini
 *(.rel.fini)

.rela.fini
 *(.rela.fini)

.rel.rodata
 *(.rel.rodata)
 *(.rel.rodata.*)
 *(.rel.gnu.linkonce.r*)

.rela.rodata
 *(.rela.rodata)
 *(.rela.rodata.*)
 *(.rela.gnu.linkonce.r*)

.rel.data
 *(.rel.data)
 *(.rel.data.*)
 *(.rel.gnu.linkonce.d*)

.rela.data
 *(.rela.data)
 *(.rela.data.*)
 *(.rela.gnu.linkonce.d*)

.rel.ctors
 *(.rel.ctors)

.rela.ctors
 *(.rela.ctors)

.rel.dtors
 *(.rel.dtors)

.rela.dtors
 *(.rela.dtors)

.rel.got
 *(.rel.got)

.rela.got
 *(.rela.got)

.rel.bss
 *(.rel.bss)

.rela.bss
 *(.rela.bss)

.rel.plt
 *(.rel.plt)

.rela.plt
 *(.rela.plt)

.text           0x00000000     0x23b4
 *(.vectors)
 .vectors       0x00000000       0x54 c:/winavr-20100110/bin/../lib/gcc/avr/4.3.3/../../../../avr/lib/avr5/crtm32.o
                0x00000000                __vectors
                0x00000000                __vector_default
 *(.vectors)
 *(.progmem.gcc*)
 *(.progmem*)
                0x00000054                . = ALIGN (0x2)
                0x00000054                __trampolines_start = .
 *(.trampolines)
 .trampolines   0x00000054        0x0 linker stubs
 *(.trampolines*)
                0x00000054                __trampolines_end = .
 *(.jumptables)
 *(.jumptables*)
 *(.lowtext)
 *(.lowtext*)
                0x00000054                __ctors_start = .
 *(.ctors)
                0x00000054                __ctors_end = .
                0x00000054                __dtors_start = .
 *(.dtors)
                0x00000054                __dtors_end = .
 SORT(*)(.ctors)
 SORT(*)(.dtors)
 *(.init0)
 .init0         0x00000054        0x0 c:/winavr-20100110/bin/../lib/gcc/avr/4.3.3/../../../../avr/lib/avr5/crtm32.o
                0x00000054                __init
 *(.init0)
 *(.init1)
 *(.init1)
 *(.init2)
 .init2         0x00000054        0xc c:/winavr-20100110/bin/../lib/gcc/avr/4.3.3/../../../../avr/lib/avr5/crtm32.o
 *(.init2)
 *(.init3)
 *(.init3)
 *(.init4)
 .init4         0x00000060       0x16 c:/winavr-20100110/bin/../lib/gcc/avr/4.3.3/avr5\libgcc.a(_copy_data.o)
                0x00000060                __do_copy_data
 .init4         0x00000076       0x10 c:/winavr-20100110/bin/../lib/gcc/avr/4.3.3/avr5\libgcc.a(_clear_bss.o)
                0x00000076                __do_clear_bss
 *(.init4)
 *(.init5)
 *(.init5)
 *(.init6)
 *(.init6)
 *(.init7)
 *(.init7)
 *(.init8)
 *(.init8)
 *(.init9)
 .init9         0x00000086        0x8 c:/winavr-20100110/bin/../lib/gcc/avr/4.3.3/../../../../avr/lib/avr5/crtm32.o
 *(.init9)
 *(.text)
 .text          0x0000008e        0x4 c:/winavr-20100110/bin/../lib/gcc/avr/4.3.3/../../../../avr/lib/avr5/crtm32.o
                0x0000008e                __vector_12
                0x0000008e                __bad_interrupt
                0x0000008e                __vector_6
                0x0000008e                __vector_13
                0x0000008e                __vector_17
                0x0000008e                __vector_19
                0x0000008e                __vector_7
                0x0000008e                __vector_5
                0x0000008e                __vector_4
                0x0000008e                __vector_9
                0x0000008e                __vector_15
                0x0000008e                __vector_8
                0x0000008e                __vector_14
                0x0000008e                __vector_16
                0x0000008e                __vector_18
                0x0000008e                __vector_20
 .text          0x00000092        0x0 ./src/DIO_program.o
 .text          0x00000092        0x0 ./src/EXTI_program.o
 .text          0x00000092        0x0 ./src/GIE_program.o
 .text          0x00000092        0x0 ./src/OS_program.o
 .text          0x00000092        0x0 ./src/TIMER0_program.o
 .text          0x00000092        0x0 ./src/main.o
 .text          0x00000092        0x0 c:/winavr-20100110/bin/../lib/gcc/avr/4.3.3/avr5\libgcc.a(_mulsi3.o)
 .text          0x00000092        0x0 c:/winavr-20100110/bin/../lib/gcc/avr/4.3.3/avr5\libgcc.a(_udivmodsi4.o)
 .text          0x00000092        0x0 c:/winavr-20100110/bin/../lib/gcc/avr/4.3.3/avr5\libgcc.a(_exit.o)
 .text          0x00000092        0x0 c:/winavr-20100110/bin/../lib/gcc/avr/4.3.3/avr5\libgcc.a(_copy_data.o)
 .text          0x00000092        0x0 c:/winavr-20100110/bin/../lib/gcc/avr/4.3.3/avr5\libgcc.a(_clear_bss.o)
                0x00000092                . = ALIGN (0x2)
 *(.text.*)
 .text.DIO_voidSetPinDirection
                0x00000092      0x576 ./src/DIO_program.o
                0x00000092                DIO_voidSetPinDirection
 .text.DIO_voidSetPinValue
                0x00000608      0x576 ./src/DIO_program.o
                0x00000608                DIO_voidSetPinValue
 .text.DIO_voidGetPinValue
                0x00000b7e      0x416 ./src/DIO_program.o
                0x00000b7e                DIO_voidGetPinValue
 .text.DIO_voidSetPortirection
                0x00000f94       0xd2 ./src/DIO_program.o
                0x00000f94                DIO_voidSetPortirection
 .text.DIO_voidSetPortValue
                0x00001066       0xd2 ./src/DIO_program.o
                0x00001066                DIO_voidSetPortValue
 .text.DIO_voidGetPortValue
                0x00001138       0x82 ./src/DIO_program.o
                0x00001138                DIO_voidGetPortValue
 .text.MEXTI_voidSetSignalLatch
                0x000011ba      0x230 ./src/EXTI_program.o
                0x000011ba                MEXTI_voidSetSignalLatch
 .text.MEXTI_voidEnableEXTI
                0x000013ea       0x7a ./src/EXTI_program.o
                0x000013ea                MEXTI_voidEnableEXTI
 .text.MEXTI_voidDisableEXTI
                0x00001464       0x7a ./src/EXTI_program.o
                0x00001464                MEXTI_voidDisableEXTI
 .text.MEXTI_voidSetCallBack
                0x000014de       0x36 ./src/EXTI_program.o
                0x000014de                MEXTI_voidSetCallBack
 .text.__vector_1
                0x00001514       0x5a ./src/EXTI_program.o
                0x00001514                __vector_1
 .text.__vector_2
                0x0000156e       0x5a ./src/EXTI_program.o
                0x0000156e                __vector_2
 .text.__vector_3
                0x000015c8       0x5a ./src/EXTI_program.o
                0x000015c8                __vector_3
 .text.MGIE_voidEnable
                0x00001622       0x1c ./src/GIE_program.o
                0x00001622                MGIE_voidEnable
 .text.MGIE_voidDisable
                0x0000163e       0x1a ./src/GIE_program.o
                0x0000163e                MGIE_voidDisable
 .text.OS_voidStartScheduler
                0x00001658       0x24 ./src/OS_program.o
                0x00001658                OS_voidStartScheduler
 .text.OS_voidCreateTask
                0x0000167c       0xd0 ./src/OS_program.o
                0x0000167c                OS_voidCreateTask
 .text.OS_voidSuspendTask
                0x0000174c       0x5c ./src/OS_program.o
                0x0000174c                OS_voidSuspendTask
 .text.OS_voidResumeTask
                0x000017a8       0x5c ./src/OS_program.o
                0x000017a8                OS_voidResumeTask
 .text.OS_voidDeleteTask
                0x00001804       0xa0 ./src/OS_program.o
                0x00001804                OS_voidDeleteTask
 .text.voidScheduler
                0x000018a4      0x154 ./src/OS_program.o
 .text.M_TIMER0_voidInit
                0x000019f8       0x4c ./src/TIMER0_program.o
                0x000019f8                M_TIMER0_voidInit
 .text.M_TIMER0_voidStart
                0x00001a44       0x30 ./src/TIMER0_program.o
                0x00001a44                M_TIMER0_voidStart
 .text.M_TIMER0_voidStop
                0x00001a74       0x2e ./src/TIMER0_program.o
                0x00001a74                M_TIMER0_voidStop
 .text.M_TIMER0_voidSetBusyWait
                0x00001aa2      0x250 ./src/TIMER0_program.o
                0x00001aa2                M_TIMER0_voidSetBusyWait
 .text.M_TIMER0_voidSetPeriodic
                0x00001cf2      0x25a ./src/TIMER0_program.o
                0x00001cf2                M_TIMER0_voidSetPeriodic
 .text.M_TIMER0_voidInterrupt_Enable
                0x00001f4c       0x46 ./src/TIMER0_program.o
                0x00001f4c                M_TIMER0_voidInterrupt_Enable
 .text.M_TIMER0_voidInterrupt_Disable
                0x00001f92       0x46 ./src/TIMER0_program.o
                0x00001f92                M_TIMER0_voidInterrupt_Disable
 .text.M_TIMER0_voidSetFastPWM
                0x00001fd8       0x14 ./src/TIMER0_program.o
                0x00001fd8                M_TIMER0_voidSetFastPWM
 .text.M_TIMER0_voidSetPhaseCorrectPWM
                0x00001fec       0x14 ./src/TIMER0_program.o
                0x00001fec                M_TIMER0_voidSetPhaseCorrectPWM
 .text.__vector_10
                0x00002000       0x20 ./src/TIMER0_program.o
                0x00002000                __vector_10
 .text.__vector_11
                0x00002020      0x17a ./src/TIMER0_program.o
                0x00002020                __vector_11
 .text.EXTI_INT1_PUSH_BUTTON
                0x0000219a       0x38 ./src/main.o
                0x0000219a                EXTI_INT1_PUSH_BUTTON
 .text.main     0x000021d2       0xbc ./src/main.o
                0x000021d2                main
 .text.Task_1_RED
                0x0000228e       0x28 ./src/main.o
                0x0000228e                Task_1_RED
 .text.Task_2_GREEN
                0x000022b6       0x28 ./src/main.o
                0x000022b6                Task_2_GREEN
 .text.Task_3_BLUE
                0x000022de       0x28 ./src/main.o
                0x000022de                Task_3_BLUE
 .text.Task_4_YELLOW
                0x00002306       0x28 ./src/main.o
                0x00002306                Task_4_YELLOW
 .text.libgcc   0x0000232e       0x3e c:/winavr-20100110/bin/../lib/gcc/avr/4.3.3/avr5\libgcc.a(_mulsi3.o)
                0x0000232e                __mulsi3
 .text.libgcc   0x0000236c       0x44 c:/winavr-20100110/bin/../lib/gcc/avr/4.3.3/avr5\libgcc.a(_udivmodsi4.o)
                0x0000236c                __udivmodsi4
 .text.libgcc   0x000023b0        0x0 c:/winavr-20100110/bin/../lib/gcc/avr/4.3.3/avr5\libgcc.a(_exit.o)
 .text.libgcc   0x000023b0        0x0 c:/winavr-20100110/bin/../lib/gcc/avr/4.3.3/avr5\libgcc.a(_copy_data.o)
 .text.libgcc   0x000023b0        0x0 c:/winavr-20100110/bin/../lib/gcc/avr/4.3.3/avr5\libgcc.a(_clear_bss.o)
                0x000023b0                . = ALIGN (0x2)
 *(.fini9)
 .fini9         0x000023b0        0x0 c:/winavr-20100110/bin/../lib/gcc/avr/4.3.3/avr5\libgcc.a(_exit.o)
                0x000023b0                exit
                0x000023b0                _exit
 *(.fini9)
 *(.fini8)
 *(.fini8)
 *(.fini7)
 *(.fini7)
 *(.fini6)
 *(.fini6)
 *(.fini5)
 *(.fini5)
 *(.fini4)
 *(.fini4)
 *(.fini3)
 *(.fini3)
 *(.fini2)
 *(.fini2)
 *(.fini1)
 *(.fini1)
 *(.fini0)
 .fini0         0x000023b0        0x4 c:/winavr-20100110/bin/../lib/gcc/avr/4.3.3/avr5\libgcc.a(_exit.o)
 *(.fini0)
                0x000023b4                _etext = .

.data           0x00800060        0x2 load address 0x000023b4
                0x00800060                PROVIDE (__data_start, .)
 *(.data)
 .data          0x00800060        0x0 c:/winavr-20100110/bin/../lib/gcc/avr/4.3.3/../../../../avr/lib/avr5/crtm32.o
 .data          0x00800060        0x0 ./src/DIO_program.o
 .data          0x00800060        0x0 ./src/EXTI_program.o
 .data          0x00800060        0x0 ./src/GIE_program.o
 .data          0x00800060        0x0 ./src/OS_program.o
 .data          0x00800060        0x0 ./src/TIMER0_program.o
 .data          0x00800060        0x0 ./src/main.o
 .data          0x00800060        0x0 c:/winavr-20100110/bin/../lib/gcc/avr/4.3.3/avr5\libgcc.a(_mulsi3.o)
 .data          0x00800060        0x0 c:/winavr-20100110/bin/../lib/gcc/avr/4.3.3/avr5\libgcc.a(_udivmodsi4.o)
 .data          0x00800060        0x0 c:/winavr-20100110/bin/../lib/gcc/avr/4.3.3/avr5\libgcc.a(_exit.o)
 .data          0x00800060        0x0 c:/winavr-20100110/bin/../lib/gcc/avr/4.3.3/avr5\libgcc.a(_copy_data.o)
 .data          0x00800060        0x0 c:/winavr-20100110/bin/../lib/gcc/avr/4.3.3/avr5\libgcc.a(_clear_bss.o)
 *(.data*)
 .data.TIM0_GLOBAL_FUN
                0x00800060        0x1 ./src/TIMER0_program.o
                0x00800060                TIM0_GLOBAL_FUN
 *(.rodata)
 *(.rodata*)
 *(.gnu.linkonce.d*)
                0x00800062                . = ALIGN (0x2)
 *fill*         0x00800061        0x1 00
                0x00800062                _edata = .
                0x00800062                PROVIDE (__data_end, .)

.bss            0x00800062       0x38
                0x00800062                PROVIDE (__bss_start, .)
 *(.bss)
 .bss           0x00800062        0x0 c:/winavr-20100110/bin/../lib/gcc/avr/4.3.3/../../../../avr/lib/avr5/crtm32.o
 .bss           0x00800062        0x0 ./src/DIO_program.o
 .bss           0x00800062        0x0 ./src/EXTI_program.o
 .bss           0x00800062        0x0 ./src/GIE_program.o
 .bss           0x00800062        0x0 ./src/OS_program.o
 .bss           0x00800062        0x0 ./src/TIMER0_program.o
 .bss           0x00800062        0x0 ./src/main.o
 .bss           0x00800062        0x0 c:/winavr-20100110/bin/../lib/gcc/avr/4.3.3/avr5\libgcc.a(_mulsi3.o)
 .bss           0x00800062        0x0 c:/winavr-20100110/bin/../lib/gcc/avr/4.3.3/avr5\libgcc.a(_udivmodsi4.o)
 .bss           0x00800062        0x0 c:/winavr-20100110/bin/../lib/gcc/avr/4.3.3/avr5\libgcc.a(_exit.o)
 .bss           0x00800062        0x0 c:/winavr-20100110/bin/../lib/gcc/avr/4.3.3/avr5\libgcc.a(_copy_data.o)
 .bss           0x00800062        0x0 c:/winavr-20100110/bin/../lib/gcc/avr/4.3.3/avr5\libgcc.a(_clear_bss.o)
 *(.bss*)
 .bss.EXTI_CallBack
                0x00800062        0x6 ./src/EXTI_program.o
                0x00800062                EXTI_CallBack
 .bss.Global_Tasks
                0x00800068       0x1c ./src/OS_program.o
                0x00800068                Global_Tasks
 .bss.Global_u32Number_Of_Overflow
                0x00800084        0x4 ./src/TIMER0_program.o
                0x00800084                Global_u32Number_Of_Overflow
 .bss.Global_u8RemainingTime
                0x00800088        0x1 ./src/TIMER0_program.o
                0x00800088                Global_u8RemainingTime
 .bss.Timer_Overflow_counter.1405
                0x00800089        0x4 ./src/TIMER0_program.o
 .bss.Timer_Overflow_counter.1404
                0x0080008d        0x4 ./src/TIMER0_program.o
 .bss.Local_u8PB_State.1617
                0x00800091        0x1 ./src/main.o
 .bss.Local_u8Toggle1.1635
                0x00800092        0x1 ./src/main.o
 .bss.Local_u8Toggle2.1642
                0x00800093        0x1 ./src/main.o
 .bss.Local_u8Toggle3.1649
                0x00800094        0x1 ./src/main.o
 .bss.Local_u8Toggle4.1656
                0x00800095        0x1 ./src/main.o
 *(COMMON)
 COMMON         0x00800096        0x4 ./src/TIMER0_program.o
                0x00800096                TIMER0_CallBack
                0x0080009a                PROVIDE (__bss_end, .)
                0x000023b4                __data_load_start = LOADADDR (.data)
                0x000023b6                __data_load_end = (__data_load_start + SIZEOF (.data))

.noinit         0x0080009a        0x0
                0x0080009a                PROVIDE (__noinit_start, .)
 *(.noinit*)
                0x0080009a                PROVIDE (__noinit_end, .)
                0x0080009a                _end = .
                0x0080009a                PROVIDE (__heap_start, .)

.eeprom         0x00810000        0x0
 *(.eeprom*)
                0x00810000                __eeprom_end = .

.fuse
 *(.fuse)
 *(.lfuse)
 *(.hfuse)
 *(.efuse)

.lock
 *(.lock*)

.signature
 *(.signature*)

.stab           0x00000000     0x22c8
 *(.stab)
 .stab          0x00000000      0xaf8 ./src/DIO_program.o
 .stab          0x00000af8      0x438 ./src/EXTI_program.o
                                0x4c8 (size before relaxing)
 .stab          0x00000f30      0x168 ./src/GIE_program.o
                                0x1f8 (size before relaxing)
 .stab          0x00001098      0x3fc ./src/OS_program.o
                                0x48c (size before relaxing)
 .stab          0x00001494      0x798 ./src/TIMER0_program.o
                                0x87c (size before relaxing)
 .stab          0x00001c2c      0x69c ./src/main.o
                                0x84c (size before relaxing)

.stabstr        0x00000000     0x186c
 *(.stabstr)
 .stabstr       0x00000000     0x186c ./src/DIO_program.o

.stab.excl
 *(.stab.excl)

.stab.exclstr
 *(.stab.exclstr)

.stab.index
 *(.stab.index)

.stab.indexstr
 *(.stab.indexstr)

.comment
 *(.comment)

.debug
 *(.debug)

.line
 *(.line)

.debug_srcinfo
 *(.debug_srcinfo)

.debug_sfnames
 *(.debug_sfnames)

.debug_aranges
 *(.debug_aranges)

.debug_pubnames
 *(.debug_pubnames)

.debug_info
 *(.debug_info)
 *(.gnu.linkonce.wi.*)

.debug_abbrev
 *(.debug_abbrev)

.debug_line
 *(.debug_line)

.debug_frame
 *(.debug_frame)

.debug_str
 *(.debug_str)

.debug_loc
 *(.debug_loc)

.debug_macinfo
 *(.debug_macinfo)
OUTPUT(NTI_OS_AVR_TEST.elf elf32-avr)
LOAD linker stubs
